// Jest Snapshot v1, https://goo.gl/fbAQLP

exports[`Простые тесты Тест на соответствие снапшоту 1`] = `
<Component
  gender="it"
  name="Creature"
>
  <div>
    Creature - it
  </div>
</Component>
`;
