// Jest Snapshot v1, https://goo.gl/fbAQLP

exports[`<Table.Header /> renders correctly 1`] = `
<div
  className="table"
>
  <div
    className="header"
  >
    <h4
      className="headline margin"
      data-unit="headline"
    >
      Табличка
    </h4>
    <span
      className="self"
      dangerouslySetInnerHTML={
        Object {
          "__html": "<svg xmlns=\\"http://www.w3.org/2000/svg\\" width=\\"36\\" height=\\"36\\" viewBox=\\"0 0 36 36\\"><g fill=\\"none\\" fill-rule=\\"evenodd\\"><path fill=\\"#08A652\\" fill-rule=\\"nonzero\\" d=\\"M26 23v5a3 3 0 01-3 3H13a3 3 0 01-3-3v-5h16zm-2 2H12v3a1 1 0 001 1h10a1 1 0 001-1v-3zm1-7a1 1 0 010 2h-2a1 1 0 010-2h2zM23 5a3 3 0 013 3v4h-2V8a1 1 0 00-1-1H13a1 1 0 00-1 1v4h-2V8a3 3 0 013-3h10z\\"/><path fill=\\"#505A66\\" d=\\"M28 14a2 2 0 012 2v8a2 2 0 01-2 2V16H8v10a2 2 0 01-2-2v-8a2 2 0 012-2h20z\\"/></g></svg>",
        }
      }
      data-unit="icon"
      onClick={[Function]}
      onError={[Function]}
    />
  </div>
</div>
`;
