// Jest Snapshot v1, https://goo.gl/fbAQLP

exports[`<CapacityProduct /> <CapacityProductScale /> should renders correctly with some error 1`] = `
<CapacityScale
  background="rgb(227,249,229)"
  color="rgb(8,166,82)"
  theme="scale"
  used={36}
/>
`;
