// Jest Snapshot v1, https://goo.gl/fbAQLP

exports[`<CapacityProduct /> should renders correctly 1`] = `
<div
  className="product"
>
  <Loader.Button
    colorScheme="secondary"
    theme={null}
  />
</div>
`;
